// Jest Snapshot v1, https://goo.gl/fbAQLP

exports[`ExportListButtons should render 1`] = `null`;
